src/components/ShadowingPlayer.tsx(23,9): error TS6133: 'recordedAudioRef' is declared but its value is never read.
